[PASS] T1.1a translate-then-rotate node 2 (hand calc): mesher=[6.735557395310443e-16, 11.0, 0.0] hand-calc(translate then rotate)=[0.0, 11.0, 0.0]; rotate-then-translate would give [10.0, 1.0, 0.0]
[PASS] T1.1b translation only node 7: mesher=[11.0, 21.0, 31.0] expected=[11,21,31]
[PASS] T1.1c rotation about x, node 4 (0,1,0)->(0,0,1): mesher=[0.0, 6.123233995736766e-17, 1.0]
[PASS] T1.1d rotation about off-origin axis: mesher=[2.0, 0.0, 0.0] expected=[2,0,0]
[FAIL] T1.1e examples/multi_instance.inp uses Abaqus line order (translation first, rotation second): example lists the 7-value rotation line BEFORE the 3-value translation line; mesher tolerates it and returns node2 of B = [1.2246467991473532e-16, 2.0, 0.0]; Abaqus would read line 1 as the translation and reject/misread it
[PASS] T1.1f counts: nodes/elems/nset(generate)/elset(generate): mesher=(60, 24, 10, 12) truth=(60, 24, 10, 12)
[FAIL] T1.1g round trip: original part/instance preserved in output.inp: rc=0 out nodes=60 elems=24 instances=['PLATE-1', 'EMBFIB-1']
[PASS] T1.1h C3D20R with continuation line -> 1 element, 20 nodes: mesher elements=1 labels=[1] conn lens=[20]
[FAIL] T1.1i assembly-level *Nset/*Elset with instance= (CAE style) captured: part nsets=[['N1']]; model.Deck has no assembly-level set storage
[PASS] T1.1j *Include, input=file resolved: nodes read via include = 8
[PASS] T1.1k nonexistent deck -> nonzero exit + message: rc=2 stdout='' stderr=' C:\\Users\\salas\\OneDrive - The Pennsylvania State University\\Plate Impact\\verification\\evidence\\work\\does_not_exist.inp\n'
[PASS] T1.1l --elset name case-insensitive (Abaqus sets are) / unknown elset rejected: rc=0 host_count=24 fibers_written=112
[PASS] T1.2 wedge_C3D6 (py): HexOnlyError, nonzero, no output: rc=3 hexonly_msg=True output_written=False raw_traceback=False last=embmesh: unsupported host element types: C3D6 (1)
[PASS] T1.2 wedge_C3D6 (exe): HexOnlyError, nonzero, no output: rc=1 hexonly_msg=True output_written=False raw_traceback=True last=[PYI-26272:ERROR] Failed to execute script 'embmesh_entry' due to unhandled exception!
[PASS] T1.2 tet_C3D4 (py): HexOnlyError, nonzero, no output: rc=3 hexonly_msg=True output_written=False raw_traceback=False last=embmesh: unsupported host element types: C3D4 (1)
[PASS] T1.2 tet_C3D4 (exe): HexOnlyError, nonzero, no output: rc=1 hexonly_msg=True output_written=False raw_traceback=True last=[PYI-37068:ERROR] Failed to execute script 'embmesh_entry' due to unhandled exception!
[PASS] T1.2 tet_C3D10 (py): HexOnlyError, nonzero, no output: rc=3 hexonly_msg=True output_written=False raw_traceback=False last=embmesh: unsupported host element types: C3D10 (1)
[PASS] T1.2 tet_C3D10 (exe): HexOnlyError, nonzero, no output: rc=1 hexonly_msg=True output_written=False raw_traceback=True last=[PYI-26616:ERROR] Failed to execute script 'embmesh_entry' due to unhandled exception!
[PASS] T1.2 shell_S4R (py): HexOnlyError, nonzero, no output: rc=3 hexonly_msg=True output_written=False raw_traceback=False last=embmesh: unsupported host element types: S4R (1)
[PASS] T1.2 shell_S4R (exe): HexOnlyError, nonzero, no output: rc=1 hexonly_msg=True output_written=False raw_traceback=True last=[PYI-32620:ERROR] Failed to execute script 'embmesh_entry' due to unhandled exception!
[PASS] T1.2 shell_S4 (py): HexOnlyError, nonzero, no output: rc=3 hexonly_msg=True output_written=False raw_traceback=False last=embmesh: unsupported host element types: S4 (1)
[PASS] T1.2 shell_S4 (exe): HexOnlyError, nonzero, no output: rc=1 hexonly_msg=True output_written=False raw_traceback=True last=[PYI-15436:ERROR] Failed to execute script 'embmesh_entry' due to unhandled exception!
[FAIL] T1.2 collapsed_hex_as_wedge (py): rc=0 wrote=True last=WARNING: fiber material EMBMESH_FIBER is a placeholder (E=1, nu=0.3, no density); edit the deck's *Material, name=EMBMESH_FIBER block (or pass --fiber-elastic/--fiber-density) before running Abaqus.
[FAIL] T1.2 collapsed_hex_as_wedge (exe): rc=0 wrote=True last=
[PASS] T1.2 mixed hex+tet part, whole part -> error: rc=3
[PASS] T1.2 mixed part, --elset HOST (hex only) -> OK, tets excluded: rc=0 host_count=1 last=WARNING: fiber material EMBMESH_FIBER is a placeholder (E=1, nu=0.3, no density); edit the deck's *Material, name=EMBMESH_FIBER block (or pass --fiber-elastic/--fiber-density) before running Abaqus.
